// Jest Snapshot v1, https://goo.gl/fbAQLP

exports[`renders correctly 1`] = `
<TouchableWithoutFeedback
  onPress={[Function]}
>
  <ForwardRef(SafeAreaView)
    style={
      Object {
        "backgroundColor": "#2a334a",
        "flex": 1,
        "paddingHorizontal": 36.722627737226276,
        "paddingVertical": 16.94890510948905,
      }
    }
  >
    <ScrollView>
      <KeyboardAvoidingView
        behavior="padding"
        enabled={true}
        keyboardVerticalOffset={0}
        style={
          Object {
            "flex": 1,
          }
        }
      >
        <Formik
          initialValues={
            Object {
              "body": undefined,
              "enabled": false,
              "image": Object {
                "name": "",
                "type": "",
                "uri": undefined,
              },
            }
          }
          onSubmit={[Function]}
          validationSchema={
            ObjectSchema {
              "_blacklist": ReferenceSet {
                "list": Set {},
                "refs": Map {},
              },
              "_blacklistError": undefined,
              "_excludedEdges": Array [],
              "_nodes": Array [
                "body",
              ],
              "_sortErrors": [Function],
              "_typeError": [Function],
              "_whitelist": ReferenceSet {
                "list": Set {},
                "refs": Map {},
              },
              "_whitelistError": undefined,
              "conditions": Array [],
              "deps": Array [],
              "exclusiveTests": Object {},
              "fields": Object {
                "body": StringSchema {
                  "_blacklist": ReferenceSet {
                    "list": Set {},
                    "refs": Map {},
                  },
                  "_blacklistError": undefined,
                  "_typeError": [Function],
                  "_whitelist": ReferenceSet {
                    "list": Set {},
                    "refs": Map {},
                  },
                  "_whitelistError": undefined,
                  "conditions": Array [],
                  "deps": Array [],
                  "exclusiveTests": Object {
                    "min": true,
                  },
                  "spec": Object {
                    "abortEarly": true,
                    "label": "body",
                    "meta": undefined,
                    "nullable": false,
                    "presence": "optional",
                    "recursive": true,
                    "strict": false,
                    "strip": false,
                  },
                  "tests": Array [
                    [Function],
                  ],
                  "transforms": Array [
                    [Function],
                  ],
                  "type": "string",
                },
              },
              "spec": Object {
                "abortEarly": true,
                "label": undefined,
                "meta": undefined,
                "nullable": false,
                "presence": "optional",
                "recursive": true,
                "strict": false,
                "strip": false,
              },
              "tests": Array [],
              "transforms": Array [
                [Function],
              ],
              "type": "object",
            }
          }
        >
          [Function]
        </Formik>
      </KeyboardAvoidingView>
    </ScrollView>
  </ForwardRef(SafeAreaView)>
</TouchableWithoutFeedback>
`;
