// Jest Snapshot v1, https://goo.gl/fbAQLP

exports[`renders correctly 1`] = `
<View
  style={
    Object {
      "alignItems": "center",
      "backgroundColor": "#3e4d6c",
      "borderRadius": 20,
      "elevation": 5,
      "flex": 1,
      "marginTop": 310,
      "padding": 14,
      "shadowColor": "#000",
      "shadowOffset": Object {
        "height": 2,
        "width": 0,
      },
      "shadowOpacity": 0.25,
      "shadowRadius": 4,
    }
  }
>
  <ForwardRef
    onPress={[Function]}
  >
    <Text
      style={
        Object {
          "color": "#B8A0FF",
          "fontFamily": "Montserrat-Bold",
          "fontSize": 19.77372262773723,
          "marginBottom": 18,
        }
      }
    >
      Close
    </Text>
  </ForwardRef>
  <Text
    style={
      Object {
        "color": "white",
        "fontFamily": "Montserrat-Medium",
        "fontSize": 19.77372262773723,
        "marginHorizontal": 12,
        "paddingVertical": 2,
      }
    }
  >
    Why would you like to report this post?
  </Text>
  <View
    style={
      Object {
        "flexDirection": "column",
        "height": "50%",
        "justifyContent": "space-between",
        "marginTop": 30,
      }
    }
  >
    <Text
      style={
        Object {
          "color": "white",
          "fontFamily": "Montserrat-Medium",
          "fontSize": 16.94890510948905,
          "marginHorizontal": 12,
          "paddingVertical": 2,
        }
      }
    >
      Option 1
    </Text>
    <Text
      style={
        Object {
          "color": "white",
          "fontFamily": "Montserrat-Medium",
          "fontSize": 16.94890510948905,
          "marginHorizontal": 12,
          "paddingVertical": 2,
        }
      }
    >
      Option 2
    </Text>
    <Text
      style={
        Object {
          "color": "white",
          "fontFamily": "Montserrat-Medium",
          "fontSize": 16.94890510948905,
          "marginHorizontal": 12,
          "paddingVertical": 2,
        }
      }
    >
      Option 3
    </Text>
  </View>
</View>
`;
